// Jest Snapshot v1, https://goo.gl/fbAQLP

exports[`tasklist renders 1`] = `
<div>
  <div>
    TaskList
  </div>
</div>
`;
